Watching for file changes with StatReloader
Bad Request: /api/auth/login/
[01/Jun/2026 15:33:29] "POST /api/auth/login/ HTTP/1.1" 400 107
[01/Jun/2026 15:33:36] "POST /api/auth/login/ HTTP/1.1" 200 489
[01/Jun/2026 15:33:36,677] - Broken pipe from ('127.0.0.1', 56386)
[01/Jun/2026 15:33:43] "POST /api/auth/login/ HTTP/1.1" 200 489
[01/Jun/2026 15:33:43,674] - Broken pipe from ('127.0.0.1', 56389)
Bad Request: /api/auth/login/
[01/Jun/2026 15:33:55] "POST /api/auth/login/ HTTP/1.1" 400 49
[01/Jun/2026 15:33:55,270] - Broken pipe from ('127.0.0.1', 61452)
Bad Request: /api/auth/login/
[01/Jun/2026 15:34:03] "POST /api/auth/login/ HTTP/1.1" 400 49
[01/Jun/2026 15:34:03,078] - Broken pipe from ('127.0.0.1', 58380)
[01/Jun/2026 15:36:09] "POST /api/auth/login/ HTTP/1.1" 200 489
[01/Jun/2026 15:36:09,461] - Broken pipe from ('127.0.0.1', 57769)
[01/Jun/2026 15:36:55] "OPTIONS /api/auth/login/ HTTP/1.1" 200 0
Bad Request: /api/auth/login/
[01/Jun/2026 15:36:56] "POST /api/auth/login/ HTTP/1.1" 400 49
Bad Request: /api/auth/login/
[01/Jun/2026 15:36:58] "POST /api/auth/login/ HTTP/1.1" 400 49
[01/Jun/2026 15:37:04] "POST /api/auth/login/ HTTP/1.1" 200 489
[01/Jun/2026 15:37:05] "POST /api/auth/login/ HTTP/1.1" 200 489
[01/Jun/2026 15:37:34] "POST /api/auth/login/ HTTP/1.1" 200 489
C:\Users\frand\Documents\Repositorios\Proyecto integrador\Evidencia1\Backend\config\settings.py changed, reloading.
Watching for file changes with StatReloader
Exception in thread django-main-thread:
Traceback (most recent call last):
  File "C:\Users\frand\AppData\Local\Programs\Python\Python314\Lib\site-packages\django\db\backends\base\base.py", line 279, in ensure_connection
    self.connect()
    ~~~~~~~~~~~~^^
  File "C:\Users\frand\AppData\Local\Programs\Python\Python314\Lib\site-packages\django\utils\asyncio.py", line 26, in inner
    return func(*args, **kwargs)
  File "C:\Users\frand\AppData\Local\Programs\Python\Python314\Lib\site-packages\django\db\backends\base\base.py", line 256, in connect
    self.connection = self.get_new_connection(conn_params)
                      ~~~~~~~~~~~~~~~~~~~~~~~^^^^^^^^^^^^^
  File "C:\Users\frand\AppData\Local\Programs\Python\Python314\Lib\site-packages\django\utils\asyncio.py", line 26, in inner
    return func(*args, **kwargs)
  File "C:\Users\frand\AppData\Local\Programs\Python\Python314\Lib\site-packages\django\db\backends\mysql\base.py", line 258, in get_new_connection
    connection = Database.connect(**conn_params)
  File "C:\Users\frand\AppData\Local\Programs\Python\Python314\Lib\site-packages\MySQLdb\__init__.py", line 121, in Connect
    return Connection(*args, **kwargs)
  File "C:\Users\frand\AppData\Local\Programs\Python\Python314\Lib\site-packages\MySQLdb\connections.py", line 206, in __init__
    super().__init__(*args, **kwargs2)
    ~~~~~~~~~~~~~~~~^^^^^^^^^^^^^^^^^^
MySQLdb.OperationalError: (2002, "Can't connect to server on '127.0.0.1' (10061)")

The above exception was the direct cause of the following exception:

Traceback (most recent call last):
  File "C:\Users\frand\AppData\Local\Programs\Python\Python314\Lib\threading.py", line 1082, in _bootstrap_inner
    self._context.run(self.run)
    ~~~~~~~~~~~~~~~~~^^^^^^^^^^
  File "C:\Users\frand\AppData\Local\Programs\Python\Python314\Lib\threading.py", line 1024, in run
    self._target(*self._args, **self._kwargs)
    ~~~~~~~~~~~~^^^^^^^^^^^^^^^^^^^^^^^^^^^^^
  File "C:\Users\frand\AppData\Local\Programs\Python\Python314\Lib\site-packages\django\utils\autoreload.py", line 64, in wrapper
    fn(*args, **kwargs)
    ~~^^^^^^^^^^^^^^^^^
  File "C:\Users\frand\AppData\Local\Programs\Python\Python314\Lib\site-packages\django\core\management\commands\runserver.py", line 137, in inner_run
    self.check_migrations()
    ~~~~~~~~~~~~~~~~~~~~~^^
  File "C:\Users\frand\AppData\Local\Programs\Python\Python314\Lib\site-packages\django\core\management\base.py", line 591, in check_migrations
    executor = MigrationExecutor(connections[DEFAULT_DB_ALIAS])
  File "C:\Users\frand\AppData\Local\Programs\Python\Python314\Lib\site-packages\django\db\migrations\executor.py", line 18, in __init__
    self.loader = MigrationLoader(self.connection)
                  ~~~~~~~~~~~~~~~^^^^^^^^^^^^^^^^^
  File "C:\Users\frand\AppData\Local\Programs\Python\Python314\Lib\site-packages\django\db\migrations\loader.py", line 59, in __init__
    self.build_graph()
    ~~~~~~~~~~~~~~~~^^
  File "C:\Users\frand\AppData\Local\Programs\Python\Python314\Lib\site-packages\django\db\migrations\loader.py", line 288, in build_graph
    self.applied_migrations = recorder.applied_migrations()
                              ~~~~~~~~~~~~~~~~~~~~~~~~~~~^^
  File "C:\Users\frand\AppData\Local\Programs\Python\Python314\Lib\site-packages\django\db\migrations\recorder.py", line 89, in applied_migrations
    if self.has_table():
       ~~~~~~~~~~~~~~^^
  File "C:\Users\frand\AppData\Local\Programs\Python\Python314\Lib\site-packages\django\db\migrations\recorder.py", line 63, in has_table
    with self.connection.cursor() as cursor:
         ~~~~~~~~~~~~~~~~~~~~~~^^
  File "C:\Users\frand\AppData\Local\Programs\Python\Python314\Lib\site-packages\django\utils\asyncio.py", line 26, in inner
    return func(*args, **kwargs)
  File "C:\Users\frand\AppData\Local\Programs\Python\Python314\Lib\site-packages\django\db\backends\base\base.py", line 320, in cursor
    return self._cursor()
           ~~~~~~~~~~~~^^
  File "C:\Users\frand\AppData\Local\Programs\Python\Python314\Lib\site-packages\django\db\backends\base\base.py", line 296, in _cursor
    self.ensure_connection()
    ~~~~~~~~~~~~~~~~~~~~~~^^
  File "C:\Users\frand\AppData\Local\Programs\Python\Python314\Lib\site-packages\django\utils\asyncio.py", line 26, in inner
    return func(*args, **kwargs)
  File "C:\Users\frand\AppData\Local\Programs\Python\Python314\Lib\site-packages\django\db\backends\base\base.py", line 278, in ensure_connection
    with self.wrap_database_errors:
         ^^^^^^^^^^^^^^^^^^^^^^^^^
  File "C:\Users\frand\AppData\Local\Programs\Python\Python314\Lib\site-packages\django\db\utils.py", line 94, in __exit__
    raise dj_exc_value.with_traceback(traceback) from exc_value
  File "C:\Users\frand\AppData\Local\Programs\Python\Python314\Lib\site-packages\django\db\backends\base\base.py", line 279, in ensure_connection
    self.connect()
    ~~~~~~~~~~~~^^
  File "C:\Users\frand\AppData\Local\Programs\Python\Python314\Lib\site-packages\django\utils\asyncio.py", line 26, in inner
    return func(*args, **kwargs)
  File "C:\Users\frand\AppData\Local\Programs\Python\Python314\Lib\site-packages\django\db\backends\base\base.py", line 256, in connect
    self.connection = self.get_new_connection(conn_params)
                      ~~~~~~~~~~~~~~~~~~~~~~~^^^^^^^^^^^^^
  File "C:\Users\frand\AppData\Local\Programs\Python\Python314\Lib\site-packages\django\utils\asyncio.py", line 26, in inner
    return func(*args, **kwargs)
  File "C:\Users\frand\AppData\Local\Programs\Python\Python314\Lib\site-packages\django\db\backends\mysql\base.py", line 258, in get_new_connection
    connection = Database.connect(**conn_params)
  File "C:\Users\frand\AppData\Local\Programs\Python\Python314\Lib\site-packages\MySQLdb\__init__.py", line 121, in Connect
    return Connection(*args, **kwargs)
  File "C:\Users\frand\AppData\Local\Programs\Python\Python314\Lib\site-packages\MySQLdb\connections.py", line 206, in __init__
    super().__init__(*args, **kwargs2)
    ~~~~~~~~~~~~~~~~^^^^^^^^^^^^^^^^^^
django.db.utils.OperationalError: (2002, "Can't connect to server on '127.0.0.1' (10061)")
